     1 00000000                                 ; hello-os
     2 00000000                                 ; TAB=4
     3 00000000                                 
     4  = 0000000A                              CYLS	EQU		10				;宏定义CYLS是10
     5 00000000                                 
     6                                          		ORG		0x7c00			; 指明程序的装载地址
     7 00007C00                                 ; 把机器语言装载到内存中的位置，同时改变了$符号的值：0x7c00
     8 00007C00                                 
     9 00007C00                                 ; 以下技术用于标准FAT12格式的软盘
    10 00007C00 EB 4E                           	JMP entry
    11 00007C02 90                              	DB	0x90			;短跳转指令，指向操作系统引导代码部分
    12 00007C03 48 45 4C 4C 4F 49 50 4C         	DB	"HELLOIPL"		;启动区名称
    13 00007C0B 0200                            	DW	512				;每个扇区字节数
    14 00007C0D 01                              	DB	1				;每个簇扇区数
    15 00007C0E 0001                            	DW	1				;Boot记录占+表
    16 00007C10 02                              	DB	2
    17 00007C11 00E0                            	DW	224				;根目录区文件最大数
    18 00007C13 0B40                            	DW	2880			;扇区总数
    19 00007C15 F0                              	DB	0xf0			;介质描述符
    20 00007C16 0009                            	DW	9				;每个FAT表所占扇区数
    21 00007C18 0012                            	DW	18				;每个磁道扇区数
    22 00007C1A 0002                            	DW	2				;磁头数
    23 00007C1C 00000000                        	DD	0				;隐藏扇区数
    24 00007C20 00000B40                        	DD	2880			;扇区总数
    25 00007C24 00 00 29                        	DB	0,0,0x29		;INT 13H的驱动器号，保留未用，扩展引导标记
    26 00007C27 FFFFFFFF                        	DD	0xffffffff		;卷序列号
    27 00007C2B 48 45 4C 4C 4F 20 2D 20 4F 53   	DB	"HELLO - OS "	;卷标
       00007C35 20 
    28 00007C36 46 41 54 31 32 20 20 20         	DB	"FAT12   "		;文件系统名称
    29 00007C3E 00 00 00 00 00 00 00 00 00 00   	RESB	18			;空了18字节
       00007C48 00 00 00 00 00 00 00 00 
    30 00007C50                                 
    31 00007C50                                 ; 程序核心
    32 00007C50                                 
    33 00007C50                                 entry:
    34 00007C50 B8 0000                         		MOV		AX,0			; 初始化寄存器
    35 00007C53 8E D0                           		MOV		SS,AX
    36 00007C55 BC 7C00                         		MOV		SP,0x7c00
    37 00007C58 8E D8                           		MOV		DS,AX
    38 00007C5A                                 		
    39 00007C5A                                 ;读到内存0x0820
    40 00007C5A                                 		
    41 00007C5A B8 0820                         		MOV		AX,0X0820
    42 00007C5D 8E C0                           		MOV		ES,AX			;缓冲区地址段(加上BX)
    43 00007C5F B5 00                           		MOV 	CH,0			;柱面
    44 00007C61 B6 00                           		MOV		DH,0			;磁头
    45 00007C63 B1 02                           		MOV 	CL,2			;扇区
    46 00007C65                                 readloop:
    47 00007C65 A0 7CF6                         		MOV		AL,[msg1]
    48 00007C68 B4 0E                           		MOV		AH,0x0e			; 显示一个文字
    49 00007C6A BB 000F                         		MOV		BX,15			; 指定字符颜色
    50 00007C6D CD 10                           		INT		0x10			; 调用显卡BIOS
    51 00007C6F BE 0000                         		MOV		SI,0			;失败计数
    52 00007C72                                 retry:	
    53 00007C72 B4 02                           		MOV		AH,0X02			;读磁盘
    54 00007C74 B0 01                           		MOV		AL,1			;1个扇区
    55 00007C76 BB 0000                         		MOV		BX,0			;缓冲的偏移地址
    56 00007C79 B2 00                           		MOV		DL,0X00			;驱动器
    57 00007C7B CD 13                           		INT		0x13			;调用BIOS磁盘操作
    58 00007C7D 73 10                           		JNC		next			;BIOS返回值不为0跳转
    59 00007C7F 83 C6 01                        		ADD		SI,1
    60 00007C82 83 FE 05                        		CMP		SI,5
    61 00007C85 73 4C                           		JAE		error
    62 00007C87 B4 00                           		MOV		AH,0x00
    63 00007C89 B2 00                           		MOV		DL,0x00
    64 00007C8B CD 13                           		INT 	0x13			;复位软盘状态
    65 00007C8D EB E3                           		JMP		retry
    66 00007C8F                                 next:
    67 00007C8F 8C C0                           		MOV		AX,ES			;缓冲区地址增加0x200
    68 00007C91 05 0020                         		ADD 	AX,0X0020		;因为地址由ES,BX给出
    69 00007C94 8E C0                           		MOV		ES,AX			;所以0x200>>16=0x20
    70 00007C96 80 C1 01                        		ADD 	CL,1			;扇区号
    71 00007C99 80 F9 12                        		CMP		CL,18
    72 00007C9C 76 C7                           		JBE		readloop
    73 00007C9E B1 01                           		MOV		CL,1			;扇区号初始化
    74 00007CA0 80 C6 01                        		ADD		DH,1			;磁头号
    75 00007CA3 A0 7CF7                         		MOV		AL,[msg1+1]
    76 00007CA6 B4 0E                           		MOV		AH,0x0e			; 显示一个文字
    77 00007CA8 BB 000F                         		MOV		BX,15			; 指定字符颜色
    78 00007CAB CD 10                           		INT		0x10			; 调用显卡BIOS
    79 00007CAD 80 FE 02                        		CMP		DH,2			;磁头号小于2
    80 00007CB0 72 B3                           		JB 		readloop
    81 00007CB2 B6 00                           		MOV 	DH,0			;磁头号初始化
    82 00007CB4 80 C5 01                        		ADD 	CH,1			;柱面（磁道）
    83 00007CB7 A0 7CF8                         		MOV		AL,[msg1+2]
    84 00007CBA B4 0E                           		MOV		AH,0x0e			; 显示一个文字
    85 00007CBC BB 000F                         		MOV		BX,15			; 指定字符颜色
    86 00007CBF CD 10                           		INT		0x10			; 调用显卡BIOS
    87 00007CC1 A0 7CF9                         		MOV		AL,[msg1+3]
    88 00007CC4 B4 0E                           		MOV		AH,0x0e			; 显示一个文字
    89 00007CC6 BB 000F                         		MOV		BX,15			; 指定字符颜色
    90 00007CC9 CD 10                           		INT		0x10			; 调用显卡BIOS
    91 00007CCB 80 FD 0A                        		CMP		CH,CYLS
    92 00007CCE 72 95                           		JB  	readloop
    93 00007CD0                                 
    94 00007CD0                                 
    95 00007CD0                                 fin:	
    96 00007CD0 F4                              		HLT
    97 00007CD1 EB FD                           		JMP		fin
    98 00007CD3                                 
    99 00007CD3                                 error:
   100 00007CD3 BE 7CE8                         		MOV 	SI,msg
   101 00007CD6                                 putloop:
   102 00007CD6 8A 04                           		MOV		AL,[SI]
   103 00007CD8 83 C6 01                        		ADD		SI,1			; 给SI加1
   104 00007CDB 3C 00                           		CMP		AL,0			; 结束条件
   105 00007CDD 74 F1                           		JE		fin
   106 00007CDF B4 0E                           		MOV		AH,0x0e			; 显示一个文字
   107 00007CE1 BB 000F                         		MOV		BX,15			; 指定字符颜色
   108 00007CE4 CD 10                           		INT		0x10			; 调用显卡BIOS
   109 00007CE6 EB EE                           		JMP		putloop
   110 00007CE8                                 msg:
   111 00007CE8 0A 0A                           		DB		0x0a, 0x0a		; 换行2次
   112 00007CEA 6C 6F 61 64 20 65 72 72 6F 72   		DB		"load error"
   113 00007CF4 0A                              		DB		0x0a			; 换行
   114 00007CF5 00                              		DB		0
   115 00007CF6                                 msg1:
   116 00007CF6 2B 2D 2A                        		DB		"+-*"
   117 00007CF9 0A                              		DB		0x0a
   118 00007CFA                                 		
   119 00007CFA 00 00 00 00 00 00 00 00 00 00   		RESB	0x7dfe-$		; 填写0x00直到0x7dfe-0x7c00
       00007D04 00 00 00 00 00 00 00 00 00 00 
       00007D0E 00 00 00 00 00 00 00 00 00 00 
       00007D18 00 00 00 00 00 00 00 00 00 00 
       00007D22 00 00 00 00 00 00 00 00 00 00 
       00007D2C 00 00 00 00 00 00 00 00 00 00 
       00007D36 00 00 00 00 00 00 00 00 00 00 
       00007D40 00 00 00 00 00 00 00 00 00 00 
       00007D4A 00 00 00 00 00 00 00 00 00 00 
       00007D54 00 00 00 00 00 00 00 00 00 00 
       00007D5E 00 00 00 00 00 00 00 00 00 00 
       00007D68 00 00 00 00 00 00 00 00 00 00 
       00007D72 00 00 00 00 00 00 00 00 00 00 
       00007D7C 00 00 00 00 00 00 00 00 00 00 
       00007D86 00 00 00 00 00 00 00 00 00 00 
       00007D90 00 00 00 00 00 00 00 00 00 00 
       00007D9A 00 00 00 00 00 00 00 00 00 00 
       00007DA4 00 00 00 00 00 00 00 00 00 00 
       00007DAE 00 00 00 00 00 00 00 00 00 00 
       00007DB8 00 00 00 00 00 00 00 00 00 00 
       00007DC2 00 00 00 00 00 00 00 00 00 00 
       00007DCC 00 00 00 00 00 00 00 00 00 00 
       00007DD6 00 00 00 00 00 00 00 00 00 00 
       00007DE0 00 00 00 00 00 00 00 00 00 00 
       00007DEA 00 00 00 00 00 00 00 00 00 00 
       00007DF4 00 00 00 00 00 00 00 00 00 00 
   120 00007DFE                                 
   121 00007DFE 55 AA                           		DB		0x55, 0xaa
